[backblue.gif]
[fade.gif]
[index.html]
[jasmyjapan.com/wp-content/uploads/2022/11/slider-cointech-9.png]
[jasmyjapan.com/wp-content/themes/cointech/js/jquery.min68b3.js]
[jasmyjapan.com/wp-content/plugins/video-popup/js/YouTubePopUp.jqueryfd90.js]
[jasmyjapan.com/wp-content/plugins/video-popup/js/YouTubePopUpfd90.js]
[jasmyjapan.com/wp-content/uploads/2022/11/cointech-favicion.png]
[jasmyjapan.com/wp-content/uploads/2022/11/cointech-loader.png]
[jasmyjapan.com/assets/jasmy-pop-up.png]
[jasmyjapan.com/wp-content/uploads/2022/11/cointech-logo.png]
[jasmyjapan.com/wp-content/uploads/2022/11/shapes-4.png]
[jasmyjapan.com/wp-content/uploads/2022/11/shapes-6.png]
[jasmyjapan.com/wp-content/uploads/2022/11/shapes-5.png]
[jasmyjapan.com/wp-content/uploads/2022/11/cointech-about-1.jpg]
[jasmyjapan.com/wp-content/uploads/2022/11/exchanges/Binance.png]
[jasmyjapan.com/wp-content/uploads/2022/11/exchanges/kra-ken.png]
[jasmyjapan.com/wp-content/uploads/2022/11/exchanges/kucoin-token.png]
[jasmyjapan.com/wp-content/uploads/2022/11/exchanges/cex-io.png]
[jasmyjapan.com/wp-content/uploads/2022/11/exchanges/coin-base.png]
[jasmyjapan.com/wp-content/uploads/2022/11/exchanges/coin-ex.png]
[jasmyjapan.com/wp-content/uploads/2022/11/exchanges/crypto-com.png]
[jasmyjapan.com/wp-content/uploads/2022/11/exchanges/dex-trade.png]
[jasmyjapan.com/wp-content/uploads/2022/11/exchanges/gate.io.png]
[jasmyjapan.com/wp-content/uploads/2022/11/exchanges/uniswap.png]
[jasmyjapan.com/wp-content/uploads/2022/11/exchanges/bit-get.png]
[jasmyjapan.com/wp-content/uploads/2022/11/exchanges/by-bit-blue.png]
[jasmyjapan.com/wp-content/uploads/2022/11/exchanges/l-bank.png]
[jasmyjapan.com/wp-content/uploads/2022/11/exchanges/qq-ff.png]
[jasmyjapan.com/wp-content/uploads/2022/11/exchanges/trust-wallet-ex.png]
[jasmyjapan.com/wp-content/uploads/2022/11/meta-mask-wall.png]
[jasmyjapan.com/wp-content/uploads/2022/11/TRUST-WALLET.png]
[jasmyjapan.com/wp-content/uploads/2022/11/crypto-wallet.png]
[jasmyjapan.com/wp-content/uploads/2022/11/token-logo.png]
[s3.tradingview.com/external-embedding/embed-widget-symbol-info.js]
[jasmyjapan.com/wp-content/uploads/2022/11/cointech-shape-2.png]
[jasmyjapan.com/wp-content/themes/cointech/js/jquery.min.js]
[jasmyjapan.com/wp-includes/js/dist/vendor/wp-polyfill-inert.min0226.js]
[jasmyjapan.com/wp-includes/js/dist/vendor/regenerator-runtime.min6c85.js]
[jasmyjapan.com/wp-includes/js/dist/vendor/wp-polyfill.min2c7c.js]
[jasmyjapan.com/wp-content/plugins/contact-form-7/includes/js/index40df.js]
[jasmyjapan.com/wp-content/themes/cointech/js/team68b3.js]
[jasmyjapan.com/wp-content/themes/cointech/js/fancybox.min68b3.js]
[jasmyjapan.com/wp-content/themes/cointech/js/swiper.min68b3.js]
[jasmyjapan.com/wp-content/themes/cointech/js/odometer.min68b3.js]
[jasmyjapan.com/wp-content/themes/cointech/js/wow.min68b3.js]
[jasmyjapan.com/wp-content/themes/cointech/js/scripts68b3.js]
[jasmyjapan.com/wp-content/themes/cointech/js/3d.jquery68b3.js]
[jasmyjapan.com/wp-content/themes/cointech/js/magnific68b3.js]
[jasmyjapan.com/wp-content/themes/cointech/js/mag68b3.js]
[jasmyjapan.com/wp-content/themes/cointech/js/yukari-cik68b3.js]
[jasmyjapan.com/wp-includes/js/dist/vendor/moment.min1bc8.js]
[jasmyjapan.com/wp-content/plugins/countdown-builder/assets/js/YcdGeneral2c53.js]
[jasmyjapan.com/wp-content/plugins/countdown-builder/assets/js/Countdown2c53.js]
[jasmyjapan.com/wp-content/plugins/countdown-builder/assets/js/TimeCircles2c53.js]
[jasmyjapan.com/wp-content/plugins/ninja-charts/assets/public/js/library/chart.minf342.js]
[jasmyjapan.com/wp-content/plugins/ninja-charts/assets/common/js/chartjs-plugin-labels8a54.js]
[jasmyjapan.com/wp-content/plugins/ninja-charts/assets/public/js/render8a54.js]
[jasmyjapan.com/ProfileHTML/sweetalert.min.js]
[jasmyjapan.com/index.html]
[jasmyjapan.com/Website_logo/logo.html]
[jasmyjapan.com/Huiyui76jhjk4d/assets/sweet-alert/sweetalert.css]
[jasmyjapan.com/lang-src-inner/fonts/fontawesome-webfont3e6e3e6e.eot]
[jasmyjapan.com/lang-src-inner/fonts/fontawesome-webfontd41dd41d.eot]
[jasmyjapan.com/lang-src-inner/fonts/fontawesome-webfont3e6e3e6e.woff2]
[jasmyjapan.com/lang-src-inner/fonts/fontawesome-webfont3e6e3e6e.woff]
[jasmyjapan.com/lang-src-inner/fonts/fontawesome-webfont3e6e3e6e.ttf]
[jasmyjapan.com/lang-src-inner/css/language-style.css]
[jasmyjapan.com/wp-includes/css/dist/block-library/style.min84fc.css]
[jasmyjapan.com/wp-content/plugins/contact-form-7/includes/css/styles40df.css]
[jasmyjapan.com/wp-content/plugins/cryptowp/assets/fonts/cryptowp.woff]
[jasmyjapan.com/wp-content/plugins/cryptowp/assets/fonts/cryptowp.woff2]
[jasmyjapan.com/wp-content/plugins/cryptowp/assets/css/cryptowpdfef.css]
[jasmyjapan.com/wp-content/plugins/video-popup/css/vp-close-icon/fonts/vp-close-icon-font.eot]
[jasmyjapan.com/wp-content/plugins/video-popup/css/vp-close-icon/fonts/vp-close-icon-font.ttf]
[jasmyjapan.com/wp-content/plugins/video-popup/css/vp-close-icon/fonts/vp-close-icon-font.woff]
[jasmyjapan.com/wp-content/plugins/video-popup/css/vp-close-icon/close-button-iconfd90.css]
[jasmyjapan.com/wp-content/plugins/video-popup/css/YouTubePopUpfd90.css]
[jasmyjapan.com/wp-content/themes/cointech/css/icon-font68b3.css]
[jasmyjapan.com/wp-content/themes/cointech/css/fonts/Satoshi-Black.eot]
[jasmyjapan.com/wp-content/themes/cointech/css/fonts/Satoshi-Black-1.eot]
[jasmyjapan.com/wp-content/themes/cointech/css/fonts/Satoshi-Black.woff2]
[jasmyjapan.com/wp-content/themes/cointech/css/fonts/Satoshi-Black.woff]
[jasmyjapan.com/wp-content/themes/cointech/css/fonts/Satoshi-Black.ttf]
[jasmyjapan.com/wp-content/themes/cointech/css/fonts/Satoshi-BlackItalic.eot]
[jasmyjapan.com/wp-content/themes/cointech/css/fonts/Satoshi-BlackItalic-1.eot]
[jasmyjapan.com/wp-content/themes/cointech/css/fonts/Satoshi-BlackItalic.woff2]
[jasmyjapan.com/wp-content/themes/cointech/css/fonts/Satoshi-BlackItalic.woff]
[jasmyjapan.com/wp-content/themes/cointech/css/fonts/Satoshi-BlackItalic.ttf]
[jasmyjapan.com/wp-content/themes/cointech/css/fonts/Satoshi-Bold.eot]
[jasmyjapan.com/wp-content/themes/cointech/css/fonts/Satoshi-Bold-1.eot]
[jasmyjapan.com/wp-content/themes/cointech/css/fonts/Satoshi-Bold.woff2]
[jasmyjapan.com/wp-content/themes/cointech/css/fonts/Satoshi-Bold.woff]
[jasmyjapan.com/wp-content/themes/cointech/css/fonts/Satoshi-Bold.ttf]
[jasmyjapan.com/wp-content/themes/cointech/css/fonts/Satoshi-BoldItalic.eot]
[jasmyjapan.com/wp-content/themes/cointech/css/fonts/Satoshi-BoldItalic-1.eot]
[jasmyjapan.com/wp-content/themes/cointech/css/fonts/Satoshi-BoldItalic.woff2]
[jasmyjapan.com/wp-content/themes/cointech/css/fonts/Satoshi-BoldItalic.woff]
[jasmyjapan.com/wp-content/themes/cointech/css/fonts/Satoshi-BoldItalic.ttf]
[jasmyjapan.com/wp-content/themes/cointech/css/fonts/Satoshi-Italic.eot]
[jasmyjapan.com/wp-content/themes/cointech/css/fonts/Satoshi-Italic-1.eot]
[jasmyjapan.com/wp-content/themes/cointech/css/fonts/Satoshi-Italic.woff2]
[jasmyjapan.com/wp-content/themes/cointech/css/fonts/Satoshi-Italic.woff]
[jasmyjapan.com/wp-content/themes/cointech/css/fonts/Satoshi-Italic.ttf]
[jasmyjapan.com/wp-content/themes/cointech/css/fonts/Satoshi-Light.eot]
[jasmyjapan.com/wp-content/themes/cointech/css/fonts/Satoshi-Light-1.eot]
[jasmyjapan.com/wp-content/themes/cointech/css/fonts/Satoshi-Light.woff2]
[jasmyjapan.com/wp-content/themes/cointech/css/fonts/Satoshi-Light.woff]
[jasmyjapan.com/wp-content/themes/cointech/css/fonts/Satoshi-Light.ttf]
[jasmyjapan.com/wp-content/themes/cointech/css/fonts/Satoshi-Medium.eot]
[jasmyjapan.com/wp-content/themes/cointech/css/fonts/Satoshi-Medium-1.eot]
[jasmyjapan.com/wp-content/themes/cointech/css/fonts/Satoshi-Medium.woff2]
[jasmyjapan.com/wp-content/themes/cointech/css/fonts/Satoshi-Medium.woff]
[jasmyjapan.com/wp-content/themes/cointech/css/fonts/Satoshi-Medium.ttf]
[jasmyjapan.com/wp-content/themes/cointech/css/fonts/Satoshi-Regular.eot]
[jasmyjapan.com/wp-content/themes/cointech/css/fonts/Satoshi-Regular-1.eot]
[jasmyjapan.com/wp-content/themes/cointech/css/fonts/Satoshi-Regular.woff2]
[jasmyjapan.com/wp-content/themes/cointech/css/fonts/Satoshi-Regular.woff]
[jasmyjapan.com/wp-content/themes/cointech/css/fonts/Satoshi-Regular.ttf]
[jasmyjapan.com/wp-content/themes/cointech/css/fonts/Thunder-BlackHC.woff2]
[jasmyjapan.com/wp-content/themes/cointech/css/fonts/Thunder-BlackHC.woff]
[jasmyjapan.com/wp-content/themes/cointech/css/fonts/Thunder-BlackHC.ttf]
[jasmyjapan.com/wp-content/themes/cointech/css/fonts/Thunder-BoldHC.woff2]
[jasmyjapan.com/wp-content/themes/cointech/css/fonts/Thunder-BoldHC.woff]
[jasmyjapan.com/wp-content/themes/cointech/css/fonts/Thunder-BoldHC.ttf]
[jasmyjapan.com/wp-content/themes/cointech/css/fonts/Thunder-ExtraBoldHC.woff2]
[jasmyjapan.com/wp-content/themes/cointech/css/fonts/Thunder-ExtraBoldHC.woff]
[jasmyjapan.com/wp-content/themes/cointech/css/fonts/Thunder-ExtraBoldHC.ttf]
[jasmyjapan.com/wp-content/themes/cointech/css/fonts/Thunder-MediumHC.woff2]
[jasmyjapan.com/wp-content/themes/cointech/css/fonts/Thunder-MediumHC.woff]
[jasmyjapan.com/wp-content/themes/cointech/css/fonts/Thunder-MediumHC.ttf]
[jasmyjapan.com/wp-content/themes/cointech/css/fonts/Thunder-ThinHC.woff2]
[jasmyjapan.com/wp-content/themes/cointech/css/fonts/Thunder-ThinHC.woff]
[jasmyjapan.com/wp-content/themes/cointech/css/fonts/Thunder-ThinHC.ttf]
[jasmyjapan.com/wp-content/themes/cointech/css/style68b3.css]
[jasmyjapan.com/wp-content/themes/cointech/css/fancybox.min68b3.css]
[jasmyjapan.com/wp-content/themes/cointech/css/swiper.min68b3.css]
[jasmyjapan.com/wp-content/themes/cointech/css/bootstrap.min68b3.css]
[jasmyjapan.com/wp-content/themes/cointech/css/odometer.min68b3.css]
[jasmyjapan.com/wp-content/themes/cointech/css/fonts/flaticona1f9.ttf]
[jasmyjapan.com/wp-content/themes/cointech/css/fonts/flaticona1f9.woff]
[jasmyjapan.com/wp-content/themes/cointech/css/fonts/flaticona1f9.woff2]
[jasmyjapan.com/wp-content/themes/cointech/css/fonts/flaticona1f9.eot]
[jasmyjapan.com/wp-content/themes/cointech/css/fonts/Flaticon.eot]
[jasmyjapan.com/wp-content/themes/cointech/css/fonts/Flaticond41d.eot]
[jasmyjapan.com/wp-content/themes/cointech/css/fonts/Flaticon.woff2]
[jasmyjapan.com/wp-content/themes/cointech/css/fonts/Flaticon.woff]
[jasmyjapan.com/wp-content/themes/cointech/css/fonts/Flaticon.ttf]
[jasmyjapan.com/wp-content/themes/cointech/css/flaticon68b3.css]
[jasmyjapan.com/wp-content/themes/cointech/custom68b3.css]
[jasmyjapan.com/wp-json/index.html]
[jasmyjapan.com/wp-json/wp/v2/pages/5.html]
[jasmyjapan.com/xmlrpc0db0.html]
[jasmyjapan.com/index.html]
[jasmyjapan.com/wp-content/plugins/video-popup/js/YouTubePopUp.jquery-18d9c.js]
[jasmyjapan.com/wp-content/plugins/video-popup/js/YouTubePopUp-18d9c.js]
[garantiwebdesign.com/wordpress/cointech/wp-content/uploads/2022/11/09-header-cointech.jpg]
[jasmyjapan.com/about-us/index.html]
[jasmyjapan.com/wp-content/plugins/video-popup/js/YouTubePopUp.jquery-223a6.js]
[jasmyjapan.com/wp-content/plugins/video-popup/js/YouTubePopUp-223a6.js]
[garantiwebdesign.com/wordpress/cointech/wp-content/uploads/2022/11/07-header-cointech.jpg]
[jasmyjapan.com/wp-content/uploads/2022/11/team01.png]
[jasmyjapan.com/wp-content/uploads/2022/11/team02.png]
[jasmyjapan.com/wp-content/uploads/2022/11/team03.png]
[jasmyjapan.com/wp-content/uploads/2022/11/team04.png]
[jasmyjapan.com/our-team/index.html]
[jasmyjapan.com/wp-content/plugins/video-popup/js/YouTubePopUp.jquery-378fb.js]
[jasmyjapan.com/wp-content/plugins/video-popup/js/YouTubePopUp-378fb.js]
[garantiwebdesign.com/wordpress/cointech/wp-content/uploads/2022/11/08-header-cointech.jpg]
[jasmyjapan.com/partners/index.html]
[jasmyjapan.com/wp-content/plugins/video-popup/js/YouTubePopUp.jquery-4f837.js]
[jasmyjapan.com/wp-content/plugins/video-popup/js/YouTubePopUp-4f837.js]
[jasmyjapan.com/faq/index.html]
[jasmyjapan.com/wp-content/plugins/video-popup/js/YouTubePopUp.jquery-5727b.js]
[jasmyjapan.com/wp-content/plugins/video-popup/js/YouTubePopUp-5727b.js]
[jasmyjapan.com/advantages/index.html]
[jasmyjapan.com/wp-content/plugins/video-popup/js/YouTubePopUp.jquery-7ea1f.js]
[jasmyjapan.com/wp-content/plugins/video-popup/js/YouTubePopUp-7ea1f.js]
[jasmyjapan.com/roadmap/index.html]
[jasmyjapan.com/wp-content/plugins/video-popup/js/YouTubePopUp.jquery-86737.js]
[jasmyjapan.com/wp-content/plugins/video-popup/js/YouTubePopUp-86737.js]
[jasmyjapan.com/wp-content/uploads/2022/11/01cointech-shape-2.png]
[jasmyjapan.com/crypto-exchange/index.html]
[jasmyjapan.com/wp-content/plugins/video-popup/js/YouTubePopUp.jquery-93715.js]
[jasmyjapan.com/wp-content/plugins/video-popup/js/YouTubePopUp-93715.js]
[jasmyjapan.com/wp-content/uploads/2022/11/news5-banner-2-373x223.jpg]
[jasmyjapan.com/wp-content/uploads/2022/11/news4-banner-2-373x223.jpg]
[jasmyjapan.com/wp-content/uploads/2022/11/news1-banner-2-373x223.jpg]
[jasmyjapan.com/wp-content/uploads/2022/11/news6-banner-2-373x223.jpg]
[jasmyjapan.com/wp-content/uploads/2022/11/news3-banner-2-373x223.jpg]
[jasmyjapan.com/wp-content/uploads/2022/11/news2-banner-2-373x223.jpg]
[jasmyjapan.com/blog/index.html]
[jasmyjapan.com/wp-content/plugins/video-popup/js/YouTubePopUp.jquery-10fc6a.js]
[jasmyjapan.com/wp-content/plugins/video-popup/js/YouTubePopUp-10fc6a.js]
[jasmyjapan.com/wp-content/themes/cointech/js/3d.jquery7ef2.js]
[jasmyjapan.com/handler/Contact-Enquery.js]
[jasmyjapan.com/contact/index.html]
[jasmyjapan.com/Website-Logo/favicon.ico]
[jasmyjapan.com/Login-assets/images/login-bg-6c619.jpg]
[jasmyjapan.com/Website-Logo/login1.png]
[ajax.googleapis.com/ajax/libs/jquery/3.3.1/jquery.min.js]
[jasmyjapan.com/Login-assets/vendor/bootstrap/js/bootstrap.bundle.min.js]
[jasmyjapan.com/Login-assets/js/switcher.min.js]
[jasmyjapan.com/Login-assets/js/theme.js]
[jasmyjapan.com/Huiyui76jhjk4d/assets/sweet-alert/sweetalert.min.js]
[jasmyjapan.com/DAPP-login-assets/js/bootstrap.bundle.min.js]
[jasmyjapan.com/DAPP-login-assets/js/jquery.validate.min.js]
[jasmyjapan.com/DAPP-login-assets/js/app.js]
[jasmyjapan.com/Huiyui76jhjk4d/Scvn_JS/T57u52ppJKdxU.js]
[jasmyjapan.com/login.html]
[jasmyjapan.com/Website-Logo/login.png]
[jasmyjapan.com/Login-assets/images/register-bg.jpg]
[cdn.jsdelivr.net/gh/ethereum/web3.js@1.0.0-beta.36/dist/web3.min.js]
[jasmyjapan.com/Login-assets/vendor/jquery/jquery.min.js]
[jasmyjapan.com/register.html]
[jasmyjapan.com/wp-content/plugins/video-popup/js/YouTubePopUp.jquery-119aed.js]
[jasmyjapan.com/wp-content/plugins/video-popup/js/YouTubePopUp-119aed.js]
[jasmyjapan.com/request-form/index.html]
[jasmyjapan.com/wp-content/themes/cointech/custom.js]
[jasmyjapan.com/wp-content/plugins/countdown-builder/assets/css/TimeCircles2c53.css]
[jasmyjapan.com/wp-content/themes/cointech/custom68b3.js]
[jasmyjapan.com/country-flag/Srilanka.png]
[jasmyjapan.com/country-flag/Pakistanf9e3.png]
[translate.google.com/translate_a/elementa0d8.js]
[jasmyjapan.com/lang-src-inner/languagesad05.html]
[jasmyjapan.com/lang-src-inner/fonts/fontawesome-webfont3e6e3e6e.svg]
[jasmyjapan.com/wp-content/plugins/video-popup/css/vp-close-icon/fonts/vp-close-icon-font.svg]
[jasmyjapan.com/wp-content/themes/cointech/css/fonts/linea-basic-10.html]
[jasmyjapan.com/wp-content/themes/cointech/css/fonts/linea-basic-10d41d.html]
[jasmyjapan.com/wp-content/themes/cointech/css/fonts/linea-basic-11.html]
[jasmyjapan.com/wp-content/themes/cointech/css/fonts/linea-basic-12.html]
[jasmyjapan.com/wp-content/themes/cointech/css/fonts/linea-basic-13.html]
[jasmyjapan.com/wp-content/themes/cointech/img/webona-services-bg.html]
[jasmyjapan.com/wp-content/themes/cointech/img/pack1.html]
[jasmyjapan.com/wp-content/themes/cointech/img/pack2.html]
[jasmyjapan.com/wp-content/themes/cointech/img/pack3.html]
[jasmyjapan.com/wp-content/themes/cointech/img/service1.html]
[jasmyjapan.com/wp-content/themes/cointech/img/service2.html]
[jasmyjapan.com/wp-content/themes/cointech/img/service3.html]
[jasmyjapan.com/wp-content/themes/cointech/img/service4.html]
[jasmyjapan.com/wp-content/themes/cointech/img/service5.html]
[jasmyjapan.com/wp-content/themes/cointech/img/service6.html]
[jasmyjapan.com/wp-content/themes/cointech/img/icon_search-ss.html]
[jasmyjapan.com/wp-content/themes/cointech/img/icon_search-s.html]
[jasmyjapan.com/wp-content/themes/cointech/images/grabbing.html]
[jasmyjapan.com/wp-content/themes/cointech/images/AjaxLoader.html]
[jasmyjapan.com/wp-content/themes/cointech/img/footer-bg.html]
[cdnjs.cloudflare.com/ajax/libs/jquery/2.1.3/jquery.min.js]
[jasmyjapan.com/wp-content/themes/cointech/css/fonts/flaticona1f9.svg]
[jasmyjapan.com/wp-content/themes/cointech/css/fonts/Flaticon.svg]
[jasmyjapan.com/wp-content/plugins/video-popup/css/vp-close-icon/close-button-icon-18d9c.css]
[jasmyjapan.com/wp-content/plugins/video-popup/css/YouTubePopUp-18d9c.css]
[jasmyjapan.com/wp-json/wp/v2/pages/6200.html]
[jasmyjapan.com/about-us/index0f8a.html]
[jasmyjapan.com/wp-json/oembed/1.0/embed-29687.html]
[jasmyjapan.com/wp-json/oembed/1.0/embed-3bafa.html]
[jasmyjapan.com/about-us/partners/index.html]
[jasmyjapan.com/about-us/roadmap/index.html]
[jasmyjapan.com/about-us/crypto-exchange/index.html]
[jasmyjapan.com/about-us/blog/index.html]
[jasmyjapan.com/about-us/about-us/index.html]
[jasmyjapan.com/about-us/advantages/index.html]
[jasmyjapan.com/about-us/request-form/index.html]
[jasmyjapan.com/about-us/contact/index.html]
[jasmyjapan.com/wp-content/plugins/video-popup/css/vp-close-icon/close-button-icon-223a6.css]
[jasmyjapan.com/wp-content/plugins/video-popup/css/YouTubePopUp-223a6.css]
[jasmyjapan.com/wp-json/wp/v2/pages/3199.html]
[jasmyjapan.com/our-team/indexb666.html]
[jasmyjapan.com/wp-json/oembed/1.0/embed-42de0.html]
[jasmyjapan.com/wp-json/oembed/1.0/embed-58576.html]
[jasmyjapan.com/our-team/partners/index.html]
[jasmyjapan.com/wp-content/plugins/video-popup/js/YouTubePopUp.jquery-69fed.js]
[jasmyjapan.com/wp-content/plugins/video-popup/js/YouTubePopUp-69fed.js]
[jasmyjapan.com/wp-content/uploads/2022/11/btc-2.png]
[jasmyjapan.com/wp-content/uploads/2022/11/eth-1.png]
[jasmyjapan.com/wp-content/uploads/2022/11/bnb-1.png]
[jasmyjapan.com/wp-content/uploads/2022/11/busd-1.png]
[jasmyjapan.com/wp-content/uploads/2022/11/xrp-1.png]
[jasmyjapan.com/wp-content/uploads/2022/11/neo-1.png]
[jasmyjapan.com/wp-content/uploads/2022/11/doge-1.png]
[jasmyjapan.com/wp-content/uploads/2022/11/ada-1.png]
[jasmyjapan.com/wp-content/uploads/2022/11/dai-1.png]
[jasmyjapan.com/wp-content/uploads/2022/11/dx-1.png]
[jasmyjapan.com/wp-content/uploads/2022/11/mona-1.png]
[jasmyjapan.com/crypto-tokens/index.html]
[jasmyjapan.com/wp-content/plugins/video-popup/css/vp-close-icon/close-button-icon-378fb.css]
[jasmyjapan.com/wp-content/plugins/video-popup/css/YouTubePopUp-378fb.css]
[jasmyjapan.com/wp-json/wp/v2/pages/8194.html]
[jasmyjapan.com/partners/indexdfa3.html]
[jasmyjapan.com/wp-json/oembed/1.0/embed-68c12.html]
[jasmyjapan.com/wp-json/oembed/1.0/embed-7fca0.html]
[jasmyjapan.com/partners/wp-content/uploads/2022/11/shapes-4.html]
[jasmyjapan.com/wp-content/plugins/video-popup/css/vp-close-icon/close-button-icon-4f837.css]
[jasmyjapan.com/wp-content/plugins/video-popup/css/YouTubePopUp-4f837.css]
[jasmyjapan.com/wp-json/wp/v2/pages/7732.html]
[jasmyjapan.com/faq/index4d0a.html]
[jasmyjapan.com/wp-json/oembed/1.0/embed-87bba.html]
[jasmyjapan.com/wp-json/oembed/1.0/embed-96b00.html]
[jasmyjapan.com/faq/partners/index.html]
[jasmyjapan.com/wp-content/plugins/video-popup/css/vp-close-icon/close-button-icon-5727b.css]
[jasmyjapan.com/wp-content/plugins/video-popup/css/YouTubePopUp-5727b.css]
[jasmyjapan.com/wp-json/wp/v2/pages/3198.html]
[jasmyjapan.com/advantages/index275b.html]
[jasmyjapan.com/advantages/partners/index.html]
[jasmyjapan.com/wp-content/plugins/video-popup/css/vp-close-icon/close-button-icon-7ea1f.css]
[jasmyjapan.com/wp-content/plugins/video-popup/css/YouTubePopUp-7ea1f.css]
[jasmyjapan.com/wp-json/wp/v2/pages/9716.html]
[jasmyjapan.com/roadmap/index20c3.html]
[jasmyjapan.com/roadmap/partners/index.html]
[jasmyjapan.com/wp-content/plugins/video-popup/css/vp-close-icon/close-button-icon-86737.css]
[jasmyjapan.com/wp-content/plugins/video-popup/css/YouTubePopUp-86737.css]
[jasmyjapan.com/wp-json/wp/v2/pages/9718.html]
[jasmyjapan.com/crypto-exchange/indexeb2b.html]
[jasmyjapan.com/wp-json/oembed/1.0/embed-16592d.html]
[jasmyjapan.com/wp-json/oembed/1.0/embed-1767fb.html]
[jasmyjapan.com/crypto-exchange/partners/index.html]
[jasmyjapan.com/wp-content/plugins/video-popup/css/vp-close-icon/close-button-icon-93715.css]
[jasmyjapan.com/wp-content/plugins/video-popup/css/YouTubePopUp-93715.css]
[jasmyjapan.com/wp-json/wp/v2/pages/347.html]
[jasmyjapan.com/blog/index0974.html]
[jasmyjapan.com/wp-json/oembed/1.0/embed-18b7dc.html]
[jasmyjapan.com/wp-json/oembed/1.0/embed-1996de.html]
[jasmyjapan.com/blog/partners/index.html]
[jasmyjapan.com/wp-content/plugins/video-popup/css/vp-close-icon/close-button-icon-10fc6a.css]
[jasmyjapan.com/wp-content/plugins/video-popup/css/YouTubePopUp-10fc6a.css]
[jasmyjapan.com/wp-json/wp/v2/pages/351.html]
[jasmyjapan.com/contact/indexec81.html]
[jasmyjapan.com/wp-json/oembed/1.0/embed-204dc9.html]
[jasmyjapan.com/wp-json/oembed/1.0/embed-215f4a.html]
[jasmyjapan.com/contact/partners/index.html]
[jasmyjapan.com/Login-assets/vendor/bootstrap/css/bootstrap.min.css]
[jasmyjapan.com/Login-assets/vendor/font-awesome/webfonts/fa-brands-400.eot]
[jasmyjapan.com/Login-assets/vendor/font-awesome/webfonts/fa-brands-400-1.eot]
[jasmyjapan.com/Login-assets/vendor/font-awesome/webfonts/fa-brands-400.woff2]
[jasmyjapan.com/Login-assets/vendor/font-awesome/webfonts/fa-brands-400.woff]
[jasmyjapan.com/Login-assets/vendor/font-awesome/webfonts/fa-brands-400.ttf]
[jasmyjapan.com/Login-assets/vendor/font-awesome/webfonts/fa-regular-400.eot]
[jasmyjapan.com/Login-assets/vendor/font-awesome/webfonts/fa-regular-400-1.eot]
[jasmyjapan.com/Login-assets/vendor/font-awesome/webfonts/fa-regular-400.woff2]
[jasmyjapan.com/Login-assets/vendor/font-awesome/webfonts/fa-regular-400.woff]
[jasmyjapan.com/Login-assets/vendor/font-awesome/webfonts/fa-regular-400.ttf]
[jasmyjapan.com/Login-assets/vendor/font-awesome/webfonts/fa-solid-900.eot]
[jasmyjapan.com/Login-assets/vendor/font-awesome/webfonts/fa-solid-900-1.eot]
[jasmyjapan.com/Login-assets/vendor/font-awesome/webfonts/fa-solid-900.woff2]
[jasmyjapan.com/Login-assets/vendor/font-awesome/webfonts/fa-solid-900.woff]
[jasmyjapan.com/Login-assets/vendor/font-awesome/webfonts/fa-solid-900.ttf]
[jasmyjapan.com/Login-assets/vendor/font-awesome/css/all.min.css]
[jasmyjapan.com/Login-assets/css/stylesheet.css]
[jasmyjapan.com/Login-assets/css/btn-animation.css]
[jasmyjapan.com/Login-assets/images/select-arrow.svg]
[jasmyjapan.com/wp-content/plugins/video-popup/css/vp-close-icon/close-button-icon-119aed.css]
[jasmyjapan.com/wp-content/plugins/video-popup/css/YouTubePopUp-119aed.css]
[jasmyjapan.com/wp-json/wp/v2/pages/7754.html]
[jasmyjapan.com/request-form/indexdbab.html]
[jasmyjapan.com/wp-json/oembed/1.0/embed-22a262.html]
[jasmyjapan.com/wp-json/oembed/1.0/embed-237149.html]
[jasmyjapan.com/request-form/partners/index.html]
[jasmyjapan.com/country-flag/en.svg]
[jasmyjapan.com/country-flag/th.svg]
[jasmyjapan.com/country-flag/it.svg]
[jasmyjapan.com/country-flag/ru.svg]
[jasmyjapan.com/country-flag/vi.svg]
[jasmyjapan.com/country-flag/es.svg]
[jasmyjapan.com/country-flag/pt.svg]
[jasmyjapan.com/country-flag/ja.svg]
[jasmyjapan.com/country-flag/tr.svg]
[jasmyjapan.com/country-flag/hi.svg]
[jasmyjapan.com/country-flag/np.svg]
[jasmyjapan.com/country-flag/zh-hans.svg]
[jasmyjapan.com/country-flag/Nigeria.svg]
[jasmyjapan.com/wp-content/plugins/video-popup/css/vp-close-icon/close-button-icon-69fed.css]
[jasmyjapan.com/wp-content/plugins/video-popup/css/YouTubePopUp-69fed.css]
[jasmyjapan.com/wp-json/wp/v2/pages/9721.html]
[jasmyjapan.com/crypto-tokens/index91a7.html]
[jasmyjapan.com/wp-json/oembed/1.0/embed-1232a1.html]
[jasmyjapan.com/wp-json/oembed/1.0/embed-13ce02.html]
[jasmyjapan.com/crypto-tokens/partners/index.html]
[jasmyjapan.com/wp-content/uploads/2022/11/JSMY-2.html]
[jasmyjapan.com/Login-assets/vendor/font-awesome/webfonts/fa-brands-400.svg]
[jasmyjapan.com/Login-assets/vendor/font-awesome/webfonts/fa-regular-400.svg]
[jasmyjapan.com/Login-assets/vendor/font-awesome/webfonts/fa-solid-900.svg]
[bitant.world/assets/website-logo/logo-large.png]
